// Jest Snapshot v1, https://goo.gl/fbAQLP

exports[`DateInput matches wrappersnapshot: wrapper mount 1`] = `
.emotion-29 {
  margin-bottom: 20px;
}

@media only screen and (min-width:641px) {
  .emotion-29 {
    margin-bottom: 30px;
  }
}

.emotion-28 {
  display: -webkit-box;
  display: -webkit-flex;
  display: -ms-flexbox;
  display: flex;
  -webkit-flex-direction: column;
  -ms-flex-direction: column;
  flex-direction: column;
  border-left: 4px solid #b10e1e;
  margin-right: 15px;
  padding-left: 10px;
  margin-bottom: 20px;
}

@media only screen and (min-width:641px) {
  .emotion-28 {
    margin-bottom: 30px;
  }
}

.emotion-1 {
  margin-bottom: 0;
}

@media only screen and (min-width:641px) {
  .emotion-1 {
    margin-bottom: 0;
  }
}

.emotion-0 {
  font-family: "nta",Arial,sans-serif;
  -webkit-font-smoothing: antialiased;
  -moz-osx-font-smoothing: grayscale;
  display: block;
  clear: none;
  font-weight: 400;
  font-size: 16px;
  line-height: 1.25;
  color: #0b0c0c;
  padding-bottom: 2px;
  margin-bottom: 0;
}

@media only screen and (min-width:641px) {
  .emotion-0 {
    font-size: 19px;
    line-height: 1.3;
  }
}

@media only screen and (min-width:641px) {
  .emotion-0 {
    margin-bottom: 0;
  }
}

.emotion-3 {
  display: block;
  font-family: "nta",Arial,sans-serif;
  -webkit-font-smoothing: antialiased;
  -moz-osx-font-smoothing: grayscale;
  font-weight: 700;
  text-transform: none;
  font-size: 16px;
  line-height: 1.25;
  color: #b10e1e;
  padding-top: 4px;
  padding-bottom: 2px;
  margin-bottom: 0;
}

@media only screen and (min-width:641px) {
  .emotion-3 {
    font-size: 19px;
    line-height: 1.3;
  }
}

@media only screen and (min-width:641px) {
  .emotion-3 {
    margin-bottom: 0;
  }
}

.emotion-27 {
  font-family: "nta",Arial,sans-serif;
  display: -webkit-box;
  display: -webkit-flex;
  display: -ms-flexbox;
  display: flex;
}

.emotion-27 > label {
  width: 50px;
  margin-right: 20px;
  margin-bottom: 0;
}

.emotion-27 > label.year {
  width: 70px;
}

.emotion-10 {
  display: -webkit-box;
  display: -webkit-flex;
  display: -ms-flexbox;
  display: flex;
  -webkit-flex-direction: column;
  -ms-flex-direction: column;
  flex-direction: column;
  box-sizing: border-box;
  margin-bottom: 0;
}

.emotion-10:after {
  content: '';
  display: table;
  clear: both;
}

@media only screen and (min-width:641px) {
  .emotion-10 {
    margin-bottom: 0;
  }
}

.emotion-9 {
  box-sizing: border-box;
  font-family: "nta",Arial,sans-serif;
  -webkit-font-smoothing: antialiased;
  -moz-osx-font-smoothing: grayscale;
  font-weight: 400;
  text-transform: none;
  font-size: 16px;
  line-height: 1.25;
  width: 100%;
  padding: 5px 4px 4px;
  border: 2px solid #0b0c0c;
  border: 4px solid #b10e1e;
}

@media only screen and (min-width:641px) {
  .emotion-9 {
    font-size: 19px;
    line-height: 1.3;
  }
}

.emotion-9:focus {
  outline: 3px solid #ffbf47;
  outline-offset: 0;
}

<Styled(DateInput)
  errorText="example"
  inputNames={
    Object {
      "day": "dayInputName",
    }
  }
>
  <DateInput
    className="emotion-29"
    errorText="example"
    inputNames={
      Object {
        "day": "dayInputName",
      }
    }
  >
    <Styled(div)
      className="emotion-29"
      errorText="example"
    >
      <div
        className="emotion-28"
      >
        <Styled(LabelText)
          errorText="example"
        >
          <LabelText
            className="emotion-1"
            errorText="example"
          >
            <Styled(span)
              className="emotion-1"
              errorText="example"
            >
              <span
                className="emotion-0"
              >
                example
              </span>
            </Styled(span)>
          </LabelText>
        </Styled(LabelText)>
        <span />
        <Styled(ErrorText)
          errorText="example"
        >
          <ErrorText
            className="emotion-1"
            errorText="example"
          >
            <Styled(span)
              className="emotion-1"
              errorText="example"
            >
              <span
                className="emotion-3"
              >
                example
              </span>
            </Styled(span)>
          </ErrorText>
        </Styled(ErrorText)>
        <Styled(div)>
          <div
            className="emotion-27"
          >
            <Styled(Label)>
              <Label
                className="emotion-1"
              >
                <Styled(label)
                  className="emotion-1"
                >
                  <label
                    className="emotion-10"
                  >
                    <Styled(LabelText)>
                      <LabelText
                        className="emotion-1"
                      >
                        <Styled(span)
                          className="emotion-1"
                        >
                          <span
                            className="emotion-0"
                          >
                            Day
                          </span>
                        </Styled(span)>
                      </LabelText>
                    </Styled(LabelText)>
                    <Styled(input)
                      errorText="example"
                      name="dayInputName"
                      type="number"
                    >
                      <input
                        className="emotion-9"
                        name="dayInputName"
                        type="number"
                      />
                    </Styled(input)>
                  </label>
                </Styled(label)>
              </Label>
            </Styled(Label)>
            <Styled(Label)>
              <Label
                className="emotion-1"
              >
                <Styled(label)
                  className="emotion-1"
                >
                  <label
                    className="emotion-10"
                  >
                    <Styled(LabelText)>
                      <LabelText
                        className="emotion-1"
                      >
                        <Styled(span)
                          className="emotion-1"
                        >
                          <span
                            className="emotion-0"
                          >
                            Month
                          </span>
                        </Styled(span)>
                      </LabelText>
                    </Styled(LabelText)>
                    <Styled(input)
                      errorText="example"
                      name="dateInputMonth"
                      type="number"
                    >
                      <input
                        className="emotion-9"
                        name="dateInputMonth"
                        type="number"
                      />
                    </Styled(input)>
                  </label>
                </Styled(label)>
              </Label>
            </Styled(Label)>
            <Styled(Label)>
              <Label
                className="emotion-1"
              >
                <Styled(label)
                  className="emotion-1"
                >
                  <label
                    className="emotion-10"
                  >
                    <Styled(LabelText)>
                      <LabelText
                        className="emotion-1"
                      >
                        <Styled(span)
                          className="emotion-1"
                        >
                          <span
                            className="emotion-0"
                          >
                            Year
                          </span>
                        </Styled(span)>
                      </LabelText>
                    </Styled(LabelText)>
                    <Styled(input)
                      errorText="example"
                      name="dateInputYear"
                      type="number"
                    >
                      <input
                        className="emotion-9"
                        name="dateInputYear"
                        type="number"
                      />
                    </Styled(input)>
                  </label>
                </Styled(label)>
              </Label>
            </Styled(Label)>
          </div>
        </Styled(div)>
      </div>
    </Styled(div)>
  </DateInput>
</Styled(DateInput)>
`;
